******************************************************************************
                  MSP430 Linker PC v4.3.4                      
******************************************************************************
>> Linked Sat Oct 25 11:43:28 2014

OUTPUT FILE NAME:   <proj46_RasberryPi_cape_RF_revA.out>
ENTRY POINT SYMBOL: "_c_int00"  address: 0000c9fe


MEMORY CONFIGURATION

         name            origin    length      used     unused   attr    fill
----------------------  --------  ---------  --------  --------  ----  --------
  SFR                   00000000   00000010  00000000  00000010  RWIX
  PERIPHERALS_8BIT      00000010   000000f0  00000000  000000f0  RWIX
  PERIPHERALS_16BIT     00000100   00000100  00000000  00000100  RWIX
  RAM                   00000200   00000200  00000066  0000019a  RWIX
  INFOD                 00001000   00000040  00000000  00000040  RWIX
  INFOC                 00001040   00000040  00000000  00000040  RWIX
  INFOB                 00001080   00000040  00000000  00000040  RWIX
  INFOA                 000010c0   00000040  00000000  00000040  RWIX
  FLASH                 0000c000   00003fe0  00000b50  00003490  RWIX
  INT00                 0000ffe0   00000002  00000002  00000000  RWIX
  INT01                 0000ffe2   00000002  00000000  00000002  RWIX
  INT02                 0000ffe4   00000002  00000002  00000000  RWIX
  INT03                 0000ffe6   00000002  00000002  00000000  RWIX
  INT04                 0000ffe8   00000002  00000000  00000002  RWIX
  INT05                 0000ffea   00000002  00000002  00000000  RWIX
  INT06                 0000ffec   00000002  00000002  00000000  RWIX
  INT07                 0000ffee   00000002  00000002  00000000  RWIX
  INT08                 0000fff0   00000002  00000002  00000000  RWIX
  INT09                 0000fff2   00000002  00000002  00000000  RWIX
  INT10                 0000fff4   00000002  00000002  00000000  RWIX
  INT11                 0000fff6   00000002  00000002  00000000  RWIX
  INT12                 0000fff8   00000002  00000002  00000000  RWIX
  INT13                 0000fffa   00000002  00000002  00000000  RWIX
  INT14                 0000fffc   00000002  00000002  00000000  RWIX
  RESET                 0000fffe   00000002  00000002  00000000  RWIX


SECTION ALLOCATION MAP

 output                                  attributes/
section   page    origin      length       input sections
--------  ----  ----------  ----------   ----------------
.init_array 
*          0    0000c000    00000000     UNINITIALIZED

.bss       0    00000200    00000014     UNINITIALIZED
                  00000200    00000001     (.common:IN0_value)
                  00000201    00000001     (.common:IN0_value_old)
                  00000202    00000001     (.common:IN1_value)
                  00000203    00000001     (.common:IN1_value_old)
                  00000204    00000001     (.common:IN2_value)
                  00000205    00000001     (.common:IN2_value_old)
                  00000206    00000001     (.common:IN3_value)
                  00000207    00000001     (.common:IN3_value_old)
                  00000208    00000001     (.common:IN4_value)
                  00000209    00000001     (.common:IN4_value_old)
                  0000020a    00000001     (.common:IN5_value)
                  0000020b    00000001     (.common:IN5_value_old)
                  0000020c    00000001     (.common:IN6_value)
                  0000020d    00000001     (.common:IN6_value_old)
                  0000020e    00000001     (.common:IN7_value)
                  0000020f    00000001     (.common:IN7_value_old)
                  00000210    00000001     (.common:IN8_value)
                  00000211    00000001     (.common:IN8_value_old)
                  00000212    00000001     (.common:IN9_value)
                  00000213    00000001     (.common:IN9_value_old)

.data      0    00000214    00000002     UNINITIALIZED
                  00000214    00000002     main.obj (.data)

.TI.persistent 
*          0    00000214    00000000     UNINITIALIZED

.stack     0    000003b0    00000050     UNINITIALIZED
                  000003b0    00000002     rts430_eabi.lib : boot.obj (.stack)
                  000003b2    0000004e     --HOLE--

.text      0    0000c000    00000a74     
                  0000c000    00000710     main.obj (.text:main)
                  0000c710    00000068     main.obj (.text:send_rf)
                  0000c778    0000005e     rts430_eabi.lib : copy_decompress_rle.obj (.text:__TI_decompress_rle_core)
                  0000c7d6    0000005e                     : autoinit.obj (.text:_auto_init)
                  0000c834    0000004a     main.obj (.text:one)
                  0000c87e    00000048     main.obj (.text:send_rf_conf2)
                  0000c8c6    00000046     main.obj (.text:f)
                  0000c90c    00000046     main.obj (.text:zero)
                  0000c952    00000032     main.obj (.text:readSwitchP1)
                  0000c984    00000032     main.obj (.text:readSwitchP2)
                  0000c9b6    00000024     main.obj (.text:one_conf2)
                  0000c9da    00000024     main.obj (.text:zero_conf2)
                  0000c9fe    0000001a     rts430_eabi.lib : boot.obj (.text:_c_int00_noexit)
                  0000ca18    00000014                     : copy_zero_init.obj (.text:decompress:ZI:__TI_zero_init)
                  0000ca2c    00000012                     : copy_decompress_none.obj (.text:decompress:none:__TI_decompress_none)
                  0000ca3e    00000012                     : memcpy.obj (.text:memcpy)
                  0000ca50    00000010                     : epilog.obj (.text)
                  0000ca60    00000006                     : isr_trap.obj (.text:__TI_ISR_TRAP)
                  0000ca66    00000006                     : copy_decompress_rle.obj (.text:decompress:rle24:__TI_decompress_rle24)
                  0000ca6c    00000004                     : pre_init.obj (.text:_system_pre_init)
                  0000ca70    00000004                     : exit.obj (.text:abort)

.const     0    0000ca74    000000c4     
                  0000ca74    00000010     main.obj (.const:.string:Aux2OFF)
                  0000ca84    00000010     main.obj (.const:.string:Aux2ON)
                  0000ca94    00000010     main.obj (.const:.string:AuxOFF)
                  0000caa4    00000010     main.obj (.const:.string:AuxON)
                  0000cab4    00000010     main.obj (.const:.string:BedOFF)
                  0000cac4    00000010     main.obj (.const:.string:BedON)
                  0000cad4    00000010     main.obj (.const:.string:SubLightOFF)
                  0000cae4    00000010     main.obj (.const:.string:SubLightON)
                  0000caf4    00000010     main.obj (.const:.string:fanOFF)
                  0000cb04    00000010     main.obj (.const:.string:fanON)
                  0000cb14    0000000c     main.obj (.const:.string:TXdataD)
                  0000cb20    0000000c     main.obj (.const:.string:TXdataE)
                  0000cb2c    0000000c     main.obj (.const:.string:TXdataF)

.cinit     0    0000cb38    00000018     
                  0000cb38    00000006     (.cinit..data.load) [load image]
                  0000cb3e    00000006     (__TI_handler_table)
                  0000cb44    00000004     (.cinit..bss.load) [load image, compression = zero_init]
                  0000cb48    00000008     (__TI_cinit_table)

TRAPINT    0    0000ffe0    00000002     
                  0000ffe0    00000002     rts430_eabi.lib : int00.obj (.int00)

PORT1      0    0000ffe4    00000002     
                  0000ffe4    00000002     rts430_eabi.lib : int02.obj (.int02)

PORT2      0    0000ffe6    00000002     
                  0000ffe6    00000002     rts430_eabi.lib : int03.obj (.int03)

ADC10      0    0000ffea    00000002     
                  0000ffea    00000002     rts430_eabi.lib : int05.obj (.int05)

USCIAB0TX 
*          0    0000ffec    00000002     
                  0000ffec    00000002     rts430_eabi.lib : int06.obj (.int06)

USCIAB0RX 
*          0    0000ffee    00000002     
                  0000ffee    00000002     rts430_eabi.lib : int07.obj (.int07)

TIMER0_A1 
*          0    0000fff0    00000002     
                  0000fff0    00000002     rts430_eabi.lib : int08.obj (.int08)

TIMER0_A0 
*          0    0000fff2    00000002     
                  0000fff2    00000002     rts430_eabi.lib : int09.obj (.int09)

WDT        0    0000fff4    00000002     
                  0000fff4    00000002     rts430_eabi.lib : int10.obj (.int10)

COMPARATORA 
*          0    0000fff6    00000002     
                  0000fff6    00000002     rts430_eabi.lib : int11.obj (.int11)

TIMER1_A1 
*          0    0000fff8    00000002     
                  0000fff8    00000002     rts430_eabi.lib : int12.obj (.int12)

TIMER1_A0 
*          0    0000fffa    00000002     
                  0000fffa    00000002     rts430_eabi.lib : int13.obj (.int13)

NMI        0    0000fffc    00000002     
                  0000fffc    00000002     rts430_eabi.lib : int14.obj (.int14)

.reset     0    0000fffe    00000002     
                  0000fffe    00000002     rts430_eabi.lib : boot.obj (.reset)


LINKER GENERATED COPY TABLES

__TI_cinit_table @ 0000cb48 records: 2, size/record: 4, table size: 8
	.data: load addr=0000cb38, load size=00000006 bytes, run addr=00000214, run size=00000002 bytes, compression=copy
	.bss: load addr=0000cb44, load size=00000004 bytes, run addr=00000200, run size=00000014 bytes, compression=zero_init


LINKER GENERATED HANDLER TABLE

__TI_handler_table @ 0000cb3e records: 3, size/record: 2, table size: 6
	index: 0, handler: __TI_zero_init
	index: 1, handler: __TI_decompress_rle24
	index: 2, handler: __TI_decompress_none


GLOBAL SYMBOLS: SORTED ALPHABETICALLY BY Name 

address    name
--------   ----
0000004a   ADC10AE0
000001b0   ADC10CTL0
000001b2   ADC10CTL1
00000048   ADC10DTC0
00000049   ADC10DTC1
000001b4   ADC10MEM
000001bc   ADC10SA
0000ca74   Aux2OFF
0000ca84   Aux2ON
0000ca94   AuxOFF
0000caa4   AuxON
00000057   BCSCTL1
00000058   BCSCTL2
00000053   BCSCTL3
0000cab4   BedOFF
0000cac4   BedON
0000ca70   C$$EXIT
00000059   CACTL1
0000005a   CACTL2
000010fb   CALBC1_12MHZ
000010f9   CALBC1_16MHZ
000010ff   CALBC1_1MHZ
000010fd   CALBC1_8MHZ
000010fa   CALDCO_12MHZ
000010f8   CALDCO_16MHZ
000010fe   CALDCO_1MHZ
000010fc   CALDCO_8MHZ
0000005b   CAPD
00000056   DCOCTL
00000128   FCTL1
0000012a   FCTL2
0000012c   FCTL3
00000000   IE1
00000001   IE2
00000002   IFG1
00000003   IFG2
00000200   IN0_value
00000201   IN0_value_old
00000202   IN1_value
00000203   IN1_value_old
00000204   IN2_value
00000205   IN2_value_old
00000206   IN3_value
00000207   IN3_value_old
00000208   IN4_value
00000209   IN4_value_old
0000020a   IN5_value
0000020b   IN5_value_old
0000020c   IN6_value
0000020d   IN6_value_old
0000020e   IN7_value
0000020f   IN7_value_old
00000210   IN8_value
00000211   IN8_value_old
00000212   IN9_value
00000213   IN9_value_old
00000022   P1DIR
00000025   P1IE
00000024   P1IES
00000023   P1IFG
00000020   P1IN
00000021   P1OUT
00000027   P1REN
00000026   P1SEL
00000041   P1SEL2
0000002a   P2DIR
0000002d   P2IE
0000002c   P2IES
0000002b   P2IFG
00000028   P2IN
00000029   P2OUT
0000002f   P2REN
0000002e   P2SEL
00000042   P2SEL2
0000001a   P3DIR
00000018   P3IN
00000019   P3OUT
00000010   P3REN
0000001b   P3SEL
00000043   P3SEL2
0000cad4   SubLightOFF
0000cae4   SubLightON
00000172   TA0CCR0
00000174   TA0CCR1
00000176   TA0CCR2
00000162   TA0CCTL0
00000164   TA0CCTL1
00000166   TA0CCTL2
00000160   TA0CTL
0000012e   TA0IV
00000170   TA0R
00000192   TA1CCR0
00000194   TA1CCR1
00000196   TA1CCR2
00000182   TA1CCTL0
00000184   TA1CCTL1
00000186   TA1CCTL2
00000180   TA1CTL
0000011e   TA1IV
00000190   TA1R
000010db   TLV_ADC10_1_LEN
000010da   TLV_ADC10_1_TAG
000010c0   TLV_CHECKSUM
000010f7   TLV_DCO_30_LEN
000010f6   TLV_DCO_30_TAG
0000cb14   TXdataD
0000cb20   TXdataE
0000cb2c   TXdataF
0000005d   UCA0ABCTL
00000062   UCA0BR0
00000063   UCA0BR1
00000060   UCA0CTL0
00000061   UCA0CTL1
0000005f   UCA0IRRCTL
0000005e   UCA0IRTCTL
00000064   UCA0MCTL
00000066   UCA0RXBUF
00000065   UCA0STAT
00000067   UCA0TXBUF
0000006a   UCB0BR0
0000006b   UCB0BR1
00000068   UCB0CTL0
00000069   UCB0CTL1
0000006c   UCB0I2CIE
00000118   UCB0I2COA
0000011a   UCB0I2CSA
0000006e   UCB0RXBUF
0000006d   UCB0STAT
0000006f   UCB0TXBUF
00000120   WDTCTL
00000400   __STACK_END
00000050   __STACK_SIZE
0000cb48   __TI_CINIT_Base
0000cb50   __TI_CINIT_Limit
0000cb3e   __TI_Handler_Table_Base
0000cb44   __TI_Handler_Table_Limit
UNDEFED    __TI_INITARRAY_Base
UNDEFED    __TI_INITARRAY_Limit
0000ca60   __TI_ISR_TRAP
00000001   __TI_args_main
0000ca2c   __TI_decompress_none
0000ca66   __TI_decompress_rle24
00000001   __TI_exit
0000ffe0   __TI_int00
0000ffe4   __TI_int02
0000ffe6   __TI_int03
0000ffea   __TI_int05
0000ffec   __TI_int06
0000ffee   __TI_int07
0000fff0   __TI_int08
0000fff2   __TI_int09
0000fff4   __TI_int10
0000fff6   __TI_int11
0000fff8   __TI_int12
0000fffa   __TI_int13
0000fffc   __TI_int14
0000ca18   __TI_zero_init
ffffffff   __binit__
ffffffff   __c_args__
0000ca5c   __mspabi_func_epilog_1
0000ca5a   __mspabi_func_epilog_2
0000ca58   __mspabi_func_epilog_3
0000ca56   __mspabi_func_epilog_4
0000ca54   __mspabi_func_epilog_5
0000ca52   __mspabi_func_epilog_6
0000ca50   __mspabi_func_epilog_7
0000c7d6   _auto_init
0000c9fe   _c_int00
0000c9fe   _c_int00_noexit
0000fffe   _reset_vector
000003b0   _stack
0000ca6c   _system_pre_init
0000ca70   abort
ffffffff   binit
0000c8c6   f
0000caf4   fanOFF
0000cb04   fanON
00000214   ledcount
0000c000   main
0000ca3e   memcpy
0000c834   one
0000c9b6   one_conf2
0000c952   readSwitchP1
0000c984   readSwitchP2
0000c710   send_rf
0000c87e   send_rf_conf2
0000c90c   zero
0000c9da   zero_conf2


GLOBAL SYMBOLS: SORTED BY Symbol Address 

address    name
--------   ----
00000000   IE1
00000001   IE2
00000001   __TI_args_main
00000001   __TI_exit
00000002   IFG1
00000003   IFG2
00000010   P3REN
00000018   P3IN
00000019   P3OUT
0000001a   P3DIR
0000001b   P3SEL
00000020   P1IN
00000021   P1OUT
00000022   P1DIR
00000023   P1IFG
00000024   P1IES
00000025   P1IE
00000026   P1SEL
00000027   P1REN
00000028   P2IN
00000029   P2OUT
0000002a   P2DIR
0000002b   P2IFG
0000002c   P2IES
0000002d   P2IE
0000002e   P2SEL
0000002f   P2REN
00000041   P1SEL2
00000042   P2SEL2
00000043   P3SEL2
00000048   ADC10DTC0
00000049   ADC10DTC1
0000004a   ADC10AE0
00000050   __STACK_SIZE
00000053   BCSCTL3
00000056   DCOCTL
00000057   BCSCTL1
00000058   BCSCTL2
00000059   CACTL1
0000005a   CACTL2
0000005b   CAPD
0000005d   UCA0ABCTL
0000005e   UCA0IRTCTL
0000005f   UCA0IRRCTL
00000060   UCA0CTL0
00000061   UCA0CTL1
00000062   UCA0BR0
00000063   UCA0BR1
00000064   UCA0MCTL
00000065   UCA0STAT
00000066   UCA0RXBUF
00000067   UCA0TXBUF
00000068   UCB0CTL0
00000069   UCB0CTL1
0000006a   UCB0BR0
0000006b   UCB0BR1
0000006c   UCB0I2CIE
0000006d   UCB0STAT
0000006e   UCB0RXBUF
0000006f   UCB0TXBUF
00000118   UCB0I2COA
0000011a   UCB0I2CSA
0000011e   TA1IV
00000120   WDTCTL
00000128   FCTL1
0000012a   FCTL2
0000012c   FCTL3
0000012e   TA0IV
00000160   TA0CTL
00000162   TA0CCTL0
00000164   TA0CCTL1
00000166   TA0CCTL2
00000170   TA0R
00000172   TA0CCR0
00000174   TA0CCR1
00000176   TA0CCR2
00000180   TA1CTL
00000182   TA1CCTL0
00000184   TA1CCTL1
00000186   TA1CCTL2
00000190   TA1R
00000192   TA1CCR0
00000194   TA1CCR1
00000196   TA1CCR2
000001b0   ADC10CTL0
000001b2   ADC10CTL1
000001b4   ADC10MEM
000001bc   ADC10SA
00000200   IN0_value
00000201   IN0_value_old
00000202   IN1_value
00000203   IN1_value_old
00000204   IN2_value
00000205   IN2_value_old
00000206   IN3_value
00000207   IN3_value_old
00000208   IN4_value
00000209   IN4_value_old
0000020a   IN5_value
0000020b   IN5_value_old
0000020c   IN6_value
0000020d   IN6_value_old
0000020e   IN7_value
0000020f   IN7_value_old
00000210   IN8_value
00000211   IN8_value_old
00000212   IN9_value
00000213   IN9_value_old
00000214   ledcount
000003b0   _stack
00000400   __STACK_END
000010c0   TLV_CHECKSUM
000010da   TLV_ADC10_1_TAG
000010db   TLV_ADC10_1_LEN
000010f6   TLV_DCO_30_TAG
000010f7   TLV_DCO_30_LEN
000010f8   CALDCO_16MHZ
000010f9   CALBC1_16MHZ
000010fa   CALDCO_12MHZ
000010fb   CALBC1_12MHZ
000010fc   CALDCO_8MHZ
000010fd   CALBC1_8MHZ
000010fe   CALDCO_1MHZ
000010ff   CALBC1_1MHZ
0000c000   main
0000c710   send_rf
0000c7d6   _auto_init
0000c834   one
0000c87e   send_rf_conf2
0000c8c6   f
0000c90c   zero
0000c952   readSwitchP1
0000c984   readSwitchP2
0000c9b6   one_conf2
0000c9da   zero_conf2
0000c9fe   _c_int00
0000c9fe   _c_int00_noexit
0000ca18   __TI_zero_init
0000ca2c   __TI_decompress_none
0000ca3e   memcpy
0000ca50   __mspabi_func_epilog_7
0000ca52   __mspabi_func_epilog_6
0000ca54   __mspabi_func_epilog_5
0000ca56   __mspabi_func_epilog_4
0000ca58   __mspabi_func_epilog_3
0000ca5a   __mspabi_func_epilog_2
0000ca5c   __mspabi_func_epilog_1
0000ca60   __TI_ISR_TRAP
0000ca66   __TI_decompress_rle24
0000ca6c   _system_pre_init
0000ca70   C$$EXIT
0000ca70   abort
0000ca74   Aux2OFF
0000ca84   Aux2ON
0000ca94   AuxOFF
0000caa4   AuxON
0000cab4   BedOFF
0000cac4   BedON
0000cad4   SubLightOFF
0000cae4   SubLightON
0000caf4   fanOFF
0000cb04   fanON
0000cb14   TXdataD
0000cb20   TXdataE
0000cb2c   TXdataF
0000cb3e   __TI_Handler_Table_Base
0000cb44   __TI_Handler_Table_Limit
0000cb48   __TI_CINIT_Base
0000cb50   __TI_CINIT_Limit
0000ffe0   __TI_int00
0000ffe4   __TI_int02
0000ffe6   __TI_int03
0000ffea   __TI_int05
0000ffec   __TI_int06
0000ffee   __TI_int07
0000fff0   __TI_int08
0000fff2   __TI_int09
0000fff4   __TI_int10
0000fff6   __TI_int11
0000fff8   __TI_int12
0000fffa   __TI_int13
0000fffc   __TI_int14
0000fffe   _reset_vector
ffffffff   __binit__
ffffffff   __c_args__
ffffffff   binit
UNDEFED    __TI_INITARRAY_Base
UNDEFED    __TI_INITARRAY_Limit

[188 symbols]
